// Jest Snapshot v1, https://goo.gl/fbAQLP

exports[`<Main /> should render the heading 1`] = `
<main
  class="styles__Wrapper-heyFP kMDFpc"
>
  <img
    alt="Imagem de um átomo e React Avançado escrito ao lado."
    class="styles__Logo-bSryDj imcKrg"
    src="/img/logo.svg"
  />
  <h1
    class="styles__Title-cLvJfs hkqwnH"
  >
    ATP NextJS - Boilerplate
  </h1>
  <h2
    class="styles__Description-elWOBK gJKaYL"
  >
    TypeScript, ReactJS, NextJS and Styled Components
  </h2>
  <img
    alt="Um desenvolvedor de frente para um tela com código."
    class="styles__Illustration-fyJZJM fjqpFV"
    src="/img/hero-illustration.svg"
  />
</main>
`
